SQL> SELECT *
  2  FROM DUAL;

D                                                                               
-                                                                               
X                                                                               

SQL> DESCRIBE DUAL;
 Name                                      Null?    Type
 ----------------------------------------- -------- ----------------------------
 DUMMY                                              VARCHAR2(1)

SQL> SYSDATE;
SP2-0042: unknown command "SYSDATE" - rest of line ignored.
SQL> SELECT SYSDATE
  2  FROM DUAL;

SYSDATE                                                                         
---------                                                                       
08-NOV-17                                                                       

SQL> CURRENT_DATE;
SP2-0734: unknown command beginning "CURRENT_DA..." - rest of line ignored.
SQL> SELECT CURRENT_DATE
  2  FROM DUAL;

CURRENT_D                                                                       
---------                                                                       
08-NOV-17                                                                       

SQL> SELECT TO CHAR(SYSDATE,'HH:MI:SS')
  2  FROM DUAL;
SELECT TO CHAR(SYSDATE,'HH:MI:SS')
       *
ERROR at line 1:
ORA-00936: missing expression 


SQL> SELECT TO_CHAR(SYSDATE,'HH:MI:SS')
  2  FROM DUAL;

TO_CHAR(                                                                        
--------                                                                        
01:16:36                                                                        

SQL> SELECT TO_CHAR(SYSDATE,'DDD')
  2  FROM DUAL;

TO_                                                                             
---                                                                             
312                                                                             

SQL> SELECT TO_CHAR(SYSDATE,'WW')
  2  FROM DUAL;

TO                                                                              
--                                                                              
45                                                                              

SQL> SELECT LOWER(P)
  2  FROM PROFESOR;

LOWER(P)                                                                        
------------------------------------------------------------                    
juan                                                                            
carlos                                                                          
pedro                                                                           
maria                                                                           
ivan                                                                            
carmen                                                                          
mario                                                                           
francisco                                                                       
angela                                                                          
david                                                                           
soledad                                                                         

LOWER(P)                                                                        
------------------------------------------------------------                    
jose manuel                                                                     

12 rows selected.

SQL> SELECT LENGHT(P)
  2  FROM PROFESOR;
SELECT LENGHT(P)
       *
ERROR at line 1:
ORA-00904: "LENGHT": invalid identifier 


SQL> SELECT LENGTH(P)
  2  FROM PROFESOR;

 LENGTH(P)                                                                      
----------                                                                      
         4                                                                      
         6                                                                      
         5                                                                      
         5                                                                      
         4                                                                      
         6                                                                      
         5                                                                      
         9                                                                      
         6                                                                      
         5                                                                      
         7                                                                      

 LENGTH(P)                                                                      
----------                                                                      
        11                                                                      

12 rows selected.

SQL> SELECT SYSDATE-TO_DATE('10-APR-96')
  2  FROM DUAL;

SYSDATE-TO_DATE('10-APR-96')                                                    
----------------------------                                                    
                  7882.55728                                                    

SQL> SELECT TRUNC (SYSDATE-TO_DATE('10-APR-96'))
  2  FROM DUAL;

TRUNC(SYSDATE-TO_DATE('10-APR-96'))                                             
-----------------------------------                                             
                               7882                                             

SQL> SELECT TRUNC (SYSDATE-TO_DATE('13-MAY-61'))
  2  FROM DUAL;

TRUNC(SYSDATE-TO_DATE('13-MAY-61'))                                             
-----------------------------------                                             
                              20633                                             

SQL> SELECT A
  2  FROM ASIGNATURA
  3  WHERE (SELECT AR
  4  FROM AREA
  5  WHERE ;
WHERE (SELECT AR
       *
ERROR at line 3:
ORA-00936: missing expression 


SQL> SELECT A FROM ASIGNATURA*AREA WHERE(ASIGNATURA.AR=AREA.AR);
SELECT A FROM ASIGNATURA*AREA WHERE(ASIGNATURA.AR=AREA.AR)
                        *
ERROR at line 1:
ORA-00933: SQL command not properly ended 


SQL> SELECT A FROM (ASIGNATURA*AREA) WHERE(ASIGNATURA.AR=AREA.AR);
SELECT A FROM (ASIGNATURA*AREA) WHERE(ASIGNATURA.AR=AREA.AR)
                         *
ERROR at line 1:
ORA-00907: missing right parenthesis 


SQL> SELECT A FROM ASIGNATURA WHERE(SELECT AR FROM AREA WHERE AR LIKE 'A%');
SELECT A FROM ASIGNATURA WHERE(SELECT AR FROM AREA WHERE AR LIKE 'A%')
                                                                     *
ERROR at line 1:
ORA-00936: missing expression 


SQL> SELECT A
  2  FROM ASIGNSTURA CROSS JOIN AREA
  3  WHERE(ASIGNATURA.CAR=AREA.CAR) AND (AR LIKE 'A%');
FROM ASIGNSTURA CROSS JOIN AREA
     *
ERROR at line 2:
ORA-00942: table or view does not exist 


SQL> SELECT A
  2  FROM ASIGNATURA CROSS JOIN AREA
  3  WHERE(ASIGNATURA.CAR=AREA.CAR) AND (AR LIKE 'A%');

A                                                                               
--------------------------------------------------                              
ALGEBRA                                                                         
ANALISIS COMPLEJO                                                               
ASTRONOMIA                                                                      

SQL> SELECT A
  2  FROM ASIGNATURA CROSS JOIN AREA
  3  WHERE(ASIGNATURA.CAR=AREA.CAR) AND (AR LIKE '%A');

A                                                                               
--------------------------------------------------                              
ALGEBRA                                                                         
ASTRONOMIA                                                                      
ENSENANZA DE LA MATEMATICA                                                      
OPTIMIZACION                                                                    
CALCULO                                                                         

SQL> SELECT A
  2  FROM ASIGNATURA
  3  WHERE (A LIKE '%DATOS%');

A                                                                               
--------------------------------------------------                              
BASES DE DATOS                                                                  
ALMACENES DE DATOS                                                              
MINERIA DE DATOS                                                                

SQL> SELECT DNI
  2  FROM PROFESOR
  3  WHERE (P LIKE '___R%');

       DNI                                                                      
----------                                                                      
      3333                                                                      

SQL> SELECT DNI
  2  FROM PROFESOR
  3  WHERE (P LIKE '__R%');

       DNI                                                                      
----------                                                                      
      2222                                                                      
      4444                                                                      
      6666                                                                      
      7777                                                                      

SQL> SELECT DNI
  2  FROM PROFESOR
  3  WHERE (P LIKE '_____');

       DNI                                                                      
----------                                                                      
      3333                                                                      
      4444                                                                      
      7777                                                                      
      1010                                                                      

SQL> SELECT DNI
  2  FROM PROFESOR
  3  WHERE (P LIKE '______%');

       DNI                                                                      
----------                                                                      
      2222                                                                      
      6666                                                                      
      8888                                                                      
      9999                                                                      
      2020                                                                      
      3030                                                                      

6 rows selected.

SQL> SELECT DNI
  2  FROM PROFESOR
  3  WHERE (P NOT LIKE '______%');

       DNI                                                                      
----------                                                                      
      1111                                                                      
      3333                                                                      
      4444                                                                      
      5555                                                                      
      7777                                                                      
      1010                                                                      

6 rows selected.

SQL> SELECT DNI
  2  FROM PROFESOR
  3  WHERE (P LIKE '_____%');

       DNI                                                                      
----------                                                                      
      2222                                                                      
      3333                                                                      
      4444                                                                      
      6666                                                                      
      7777                                                                      
      8888                                                                      
      9999                                                                      
      1010                                                                      
      2020                                                                      
      3030                                                                      

10 rows selected.

SQL> SPOOL OFF
SQL> SELECT P
  2  FROM PROFESOR NATURAL JOIN PLAN_DOCENTE
  3  WHERE FF IS NULL;

P                                                                               
------------------------------------------------------------                    
JUAN                                                                            
CARLOS                                                                          
PEDRO                                                                           
PEDRO                                                                           
MARIA                                                                           
MARIA                                                                           
IVAN                                                                            
MARIO                                                                           
FRANCISCO                                                                       
ANGELA                                                                          
DAVID                                                                           

P                                                                               
------------------------------------------------------------                    
SOLEDAD                                                                         
JOSE MANUEL                                                                     

13 rows selected.

SQL> SELECT P
  2  FROM PROFESOR NATURAL JOIN PLAN_DOCENTE
  3  WHERE CAS='8';

P                                                                               
------------------------------------------------------------                    
JUAN                                                                            
JUAN                                                                            
JOSE MANUEL                                                                     

SQL> SELECT*
  2  FROM PLAN_DOCENTE
  3  ORDER BY FF;

       DNI        CAS        CTA        CPA        CLA FI        FF             
---------- ---------- ---------- ---------- ---------- --------- ---------      
      2222          3        1.5          0        1.5 01-SEP-06 31-AUG-07      
      1010          2        1.5        1.5          3 01-SEP-05 31-AUG-08      
      1010          9          3          0          3 01-SEP-08 31-AUG-09      
      1111          8          3        1.5        1.5 01-SEP-07 31-AUG-09      
      4444          4        1.5          0        1.5 01-SEP-08 31-AUG-10      
      6666         10          3        1.5        1.5 01-SEP-08 31-AUG-11      
      1010          9        1.5          0        1.5 01-SEP-09                
      9999          7          3          3          0 01-SEP-10                
      5555          6          3          3          0 31-MAR-10                
      8888         11          6          0          0 01-SEP-09                
      2020          3        1.5          0        1.5 01-SEP-08                

       DNI        CAS        CTA        CPA        CLA FI        FF             
---------- ---------- ---------- ---------- ---------- --------- ---------      
      7777         12        4.5          3          0 01-SEP-10                
      3333          9        1.5          0        1.5 01-SEP-09                
      2222          4        1.5          0        1.5 01-SEP-09                
      3030          8          0        1.5        1.5 01-SEP-09                
      1111          8          3          0          0 01-SEP-09                
      4444          5          3          0          0 01-SEP-10                
      4444          1          3        1.5        1.5 01-SEP-11                
      3333          2        1.5        1.5          3 01-SEP-08                

19 rows selected.

SQL> SELECT*
  2  FROM PLAN_DOCENTE
  3  ORDER BY FF DESC;

       DNI        CAS        CTA        CPA        CLA FI        FF             
---------- ---------- ---------- ---------- ---------- --------- ---------      
      4444          1          3        1.5        1.5 01-SEP-11                
      3333          2        1.5        1.5          3 01-SEP-08                
      7777         12        4.5          3          0 01-SEP-10                
      2020          3        1.5          0        1.5 01-SEP-08                
      8888         11          6          0          0 01-SEP-09                
      5555          6          3          3          0 31-MAR-10                
      9999          7          3          3          0 01-SEP-10                
      4444          5          3          0          0 01-SEP-10                
      1111          8          3          0          0 01-SEP-09                
      3030          8          0        1.5        1.5 01-SEP-09                
      2222          4        1.5          0        1.5 01-SEP-09                

       DNI        CAS        CTA        CPA        CLA FI        FF             
---------- ---------- ---------- ---------- ---------- --------- ---------      
      3333          9        1.5          0        1.5 01-SEP-09                
      1010          9        1.5          0        1.5 01-SEP-09                
      6666         10          3        1.5        1.5 01-SEP-08 31-AUG-11      
      4444          4        1.5          0        1.5 01-SEP-08 31-AUG-10      
      1010          9          3          0          3 01-SEP-08 31-AUG-09      
      1111          8          3        1.5        1.5 01-SEP-07 31-AUG-09      
      1010          2        1.5        1.5          3 01-SEP-05 31-AUG-08      
      2222          3        1.5          0        1.5 01-SEP-06 31-AUG-07      

19 rows selected.

SQL> SELECT P
  2  FROM PROFESOR
  3  WHERE DNI IN(
  4  SELECT DNI
  5  FROM PLAN_DOCENTE
  6  WHERE CAS IN(
  7  SELECT CAS FROM ASIGNATURA
  8  WHERE A='OPTIMIZACION' AND T='GII')
  9  )
 10  ORDER BY P;

P                                                                               
------------------------------------------------------------                    
JOSE MANUEL                                                                     
JUAN                                                                            

SQL> SELECT P
  2  FROM PROFESOR NATURAL JOIN AREA
  3  WHERE CD IN(SELECT CD
  4  FROM DEPARTAMENTO
  5  WHERE D='MATEMATICA FUNDAMENTAL')
  6  ORDER BY P DESC;

P                                                                               
------------------------------------------------------------                    
IVAN                                                                            

SQL> SELECT A
  2  FROM ASIGNATURA NATURAL JOIN PLAN_DOCENTE
  3  WHERE DNI='1010';

A                                                                               
--------------------------------------------------                              
INTELIGENCIA ARTIFICIAL                                                         
GESTION DE RIESGOS                                                              
GESTION DE RIESGOS                                                              

SQL> SELECT A
  2  FROM ASIGNATURA
  3  NATURAL JOIN PLAN_DOCENTE
  4  WHERE DNI IN(SELECT DNI
  5  FROM PROFESOR
  6  WHERE P='DAVID');

A                                                                               
--------------------------------------------------                              
INTELIGENCIA ARTIFICIAL                                                         
GESTION DE RIESGOS                                                              
GESTION DE RIESGOS                                                              

SQL> SELECT AR
  2  FROM AREA
  3  WHERE CD IN(SELECT CD
  4  FROM DEPARTAMENTO
  5  WHERE D='ESTADISTICA, INVESTIGACION OPERATIVA Y COMPUTACION');

no rows selected

SQL> SELECT*
  2  FROM DEPARTAMENTO;

        CD D                                                                    
---------- ------------------------------------------------------------         
         1 ANALISIS MATEMTICO                                                   
         2 ASTROFSICA                                                           
         3 ESTADISTICA,INVESTIGACION OPERATIVA Y COMPUTACION                    
         4 MATEMATICA FUNDAMENTAL                                               

SQL> SELECT AR
  2  FROM AREA
  3  WHERE CD IN(SELECT CD
  4  FROM DEPARTAMENTO
  5  WHERE D='ESTADISTICA,INVESTIGACION OPERATIVA Y COMPUTACION');

AR                                                                              
------------------------------------------------------------                    
CIENCIAS DE LA COMPUTACION E INTELIGENCIA ARTIFICIAL                            
ESTADISTICA E INVESTIGACION OPERATIVA                                           
LENGUAJES Y SISTEMAS INFORMATICOS                                               

SQL> SELECT A
  2  FROM ASIGNATURA
  3  WHERE CAS IN(SELECT CAS
  4  FROM PLAN_DOCENTE NATURAL JOIN PROFESOR
  5  WHERE CAT='CU' AND FF IS NULL);

A                                                                               
--------------------------------------------------                              
ALMACENES DE DATOS                                                              
OPTIMIZACION                                                                    

SQL> SELECT A
  2  FROM ASIGNATURA
  3  WHERE CAS NOT IN(SELECT CAS
  4  FROM PLAN_DOCENTE NATURAL JOIN PROFESOR
  5  WHERE CAT!='CU');

no rows selected

SQL> SELECT A
  2  FROM ASIGNATURA
  3  WHERE CAR IN(SELECT
  4  CAR FROM AREA
  5  WHERE AR='LENGUAJES Y SISTEMAS INFORMATICOS' OR AR='CIENCIAS DE LA COMPUTACION E INTELIGENCIA ARTIFICIAL');

A                                                                               
--------------------------------------------------                              
GESTION DE RIESGOS                                                              
INTELIGENCIA ARTIFICIAL                                                         
INFORMATICA BASICA                                                              
MINERIA DE DATOS                                                                
ALMACENES DE DATOS                                                              
BASES DE DATOS                                                                  

6 rows selected.

SQL> SPOOL OFF
SQL> 
SQL> SELECT P FROM PROFESOR WHERE DNI(SELECT DNI FROM
  2  PLAN_DOCENTE NATURAL JOIN ASIGNATURA
  3  WHERE FF IS NULL AND (T='GII' OR T='MII'));
SELECT P FROM PROFESOR WHERE DNI(SELECT DNI FROM
                                 *
ERROR at line 1:
ORA-00936: missing expression 


SQL> SELECT P FROM PROFESOR WHERE DNI IN(SELECT DNI FROM
  2  PLAN_DOCENTE NATURAL JOIN ASIGNATURA
  3  WHERE FF IS NULL AND (T='GII' OR T='MII'));

P                                                                               
------------------------------------------------------------                    
MARIA                                                                           
PEDRO                                                                           
SOLEDAD                                                                         
CARLOS                                                                          
IVAN                                                                            
ANGELA                                                                          
JUAN                                                                            
JOSE MANUEL                                                                     
DAVID                                                                           

9 rows selected.

SQL> SELECT P FROM PROFESOR
  2  WHERE DNI IN(SELECT DNI FROM
  3  PLAN_DOCENTE NATURAL JOIN ASIGNATURA
  4  WHERE FF IS NULL AND T='GII')
  5  INTERSECT
  6  SELECT P FROM PROFESOR
  7  WHERE DNI IN(SELECT DNI FROM
  8  PLAN_DOCENTE NATURAL JOIN ASIGNATURA
  9  WHERE FF IS NULL AND T='MII');

no rows selected

SQL> SELECT P FROM PROFESOR
  2  WHERE DNI NOT IN(SELECT DNI FROM
  3  PLAN_DOCENTE WHERE FF IS NULL);

P                                                                               
------------------------------------------------------------                    
CARMEN                                                                          
CARMELO                                                                         
CARINA                                                                          

SQL> SELECT P FROM PROFESOR
  2  WHERE DNI IN(SELECT DNI FROM
  3  PLAN_DOCENTE WHERE FF NOT NULL);
PLAN_DOCENTE WHERE FF NOT NULL)
                          *
ERROR at line 3:
ORA-00920: invalid relational operator 


SQL> SELECT P FROM PROFESOR
  2  WHERE DNI IN(SELECT DNI FROM
  3  PLAN_DOCENTE WHERE FF IS NOT NULL);

P                                                                               
------------------------------------------------------------                    
MARIA                                                                           
JUAN                                                                            
CARLOS                                                                          
DAVID                                                                           
CARMEN                                                                          

SQL> SELECT A FROM ASIGNATURA
  2  WHERE T='GII';

A                                                                               
--------------------------------------------------                              
BASES DE DATOS                                                                  
INTELIGENCIA ARTIFICIAL                                                         
INFORMATICA BASICA                                                              
ALGEBRA                                                                         
CALCULO                                                                         
OPTIMIZACION                                                                    
GESTION DE RIESGOS                                                              
ESTADISTICA                                                                     

8 rows selected.

SQL> SELECT AR, A
  2  FROM AREA NATURAL JOIN ASIGNATURA;

AR                                                                              
------------------------------------------------------------                    
A                                                                               
--------------------------------------------------                              
ALGEBRA                                                                         
ALGEBRA                                                                         
                                                                                
ANALISIS MATEMATICO                                                             
ANALISIS COMPLEJO                                                               
                                                                                
ASTRONOMIA Y ASTROFISICA                                                        
ASTRONOMIA                                                                      
                                                                                

AR                                                                              
------------------------------------------------------------                    
A                                                                               
--------------------------------------------------                              
CIENCIAS DE LA COMPUTACION E INTELIGENCIA ARTIFICIAL                            
INTELIGENCIA ARTIFICIAL                                                         
                                                                                
CIENCIAS DE LA COMPUTACION E INTELIGENCIA ARTIFICIAL                            
GESTION DE RIESGOS                                                              
                                                                                
DIDACTICA DE LA MATEMATICA                                                      
ENSENANZA DE LA MATEMATICA                                                      
                                                                                

AR                                                                              
------------------------------------------------------------                    
A                                                                               
--------------------------------------------------                              
ESTADISTICA E INVESTIGACION OPERATIVA                                           
ESTADISTICA                                                                     
                                                                                
ESTADISTICA E INVESTIGACION OPERATIVA                                           
OPTIMIZACION                                                                    
                                                                                
LENGUAJES Y SISTEMAS INFORMATICOS                                               
INFORMATICA BASICA                                                              
                                                                                

AR                                                                              
------------------------------------------------------------                    
A                                                                               
--------------------------------------------------                              
LENGUAJES Y SISTEMAS INFORMATICOS                                               
MINERIA DE DATOS                                                                
                                                                                
LENGUAJES Y SISTEMAS INFORMATICOS                                               
ALMACENES DE DATOS                                                              
                                                                                
LENGUAJES Y SISTEMAS INFORMATICOS                                               
BASES DE DATOS                                                                  
                                                                                

AR                                                                              
------------------------------------------------------------                    
A                                                                               
--------------------------------------------------                              
MATEMATICA APLICADA                                                             
CALCULO                                                                         
                                                                                

13 rows selected.

SQL> SELECT D, AR
  2  FROM DEPARTAMENTO NATURAL JOIN AREA
  3  ORDER BY D, AR;

D                                                                               
------------------------------------------------------------                    
AR                                                                              
------------------------------------------------------------                    
ANALISIS MATEMTICO                                                              
ANALISIS MATEMATICO                                                             
                                                                                
ANALISIS MATEMTICO                                                              
DIDACTICA DE LA MATEMATICA                                                      
                                                                                
ANALISIS MATEMTICO                                                              
MATEMATICA APLICADA                                                             
                                                                                

D                                                                               
------------------------------------------------------------                    
AR                                                                              
------------------------------------------------------------                    
ASTROFSICA                                                                      
ASTRONOMIA Y ASTROFISICA                                                        
                                                                                
ESTADISTICA,INVESTIGACION OPERATIVA Y COMPUTACION                               
CIENCIAS DE LA COMPUTACION E INTELIGENCIA ARTIFICIAL                            
                                                                                
ESTADISTICA,INVESTIGACION OPERATIVA Y COMPUTACION                               
ESTADISTICA E INVESTIGACION OPERATIVA                                           
                                                                                

D                                                                               
------------------------------------------------------------                    
AR                                                                              
------------------------------------------------------------                    
ESTADISTICA,INVESTIGACION OPERATIVA Y COMPUTACION                               
LENGUAJES Y SISTEMAS INFORMATICOS                                               
                                                                                
MATEMATICA FUNDAMENTAL                                                          
ALGEBRA                                                                         
                                                                                

8 rows selected.

SQL> SELECT D,P FROM PROFESOR NATURAL JOIN DEPARTAMENTO
  2  WHERE P IN(SELECT P
  3  FROM PROFESOR NATURAL JOIN AREA
  4  WHERE AREA.CD=DEPARTAMENTO.CD)
  5  ORDER BY D,P;

D                                                                               
------------------------------------------------------------                    
P                                                                               
------------------------------------------------------------                    
ANALISIS MATEMTICO                                                              
ANGELA                                                                          
                                                                                
ANALISIS MATEMTICO                                                              
CARINA                                                                          
                                                                                
ANALISIS MATEMTICO                                                              
FRANCISCO                                                                       
                                                                                

D                                                                               
------------------------------------------------------------                    
P                                                                               
------------------------------------------------------------                    
ANALISIS MATEMTICO                                                              
MARIO                                                                           
                                                                                
ASTROFSICA                                                                      
CARMEN                                                                          
                                                                                
ESTADISTICA,INVESTIGACION OPERATIVA Y COMPUTACION                               
CARLOS                                                                          
                                                                                

D                                                                               
------------------------------------------------------------                    
P                                                                               
------------------------------------------------------------                    
ESTADISTICA,INVESTIGACION OPERATIVA Y COMPUTACION                               
CARMELO                                                                         
                                                                                
ESTADISTICA,INVESTIGACION OPERATIVA Y COMPUTACION                               
DAVID                                                                           
                                                                                
ESTADISTICA,INVESTIGACION OPERATIVA Y COMPUTACION                               
JOSE MANUEL                                                                     
                                                                                

D                                                                               
------------------------------------------------------------                    
P                                                                               
------------------------------------------------------------                    
ESTADISTICA,INVESTIGACION OPERATIVA Y COMPUTACION                               
JUAN                                                                            
                                                                                
ESTADISTICA,INVESTIGACION OPERATIVA Y COMPUTACION                               
MARIA                                                                           
                                                                                
ESTADISTICA,INVESTIGACION OPERATIVA Y COMPUTACION                               
PEDRO                                                                           
                                                                                

D                                                                               
------------------------------------------------------------                    
P                                                                               
------------------------------------------------------------                    
ESTADISTICA,INVESTIGACION OPERATIVA Y COMPUTACION                               
SOLEDAD                                                                         
                                                                                
MATEMATICA FUNDAMENTAL                                                          
IVAN                                                                            
                                                                                

14 rows selected.

SQL> SPOOL OFF
