SQL> SYSDATE
SP2-0042: unknown command "SYSDATE" - rest of line ignored.
SQL> CURRENT SYSTIMESTAMP
SP2-0734: unknown command beginning "CURRENT SY..." - rest of line ignored.
SQL> 
SQL> SELECT SYSDATE FROM DUAL;

SYSDATE                                                                         
---------                                                                       
15-NOV-17                                                                       

SQL> DNI DE LOS PROFESORES QUE AL MENOS DAN CLASE EN DOS TITULACIONES DISTINTAS
SP2-0734: unknown command beginning "DNI DE LOS..." - rest of line ignored.
SQL> SELECT TO CHAR(SYSDATE,'HH:MI:SS')
  2  FROM DUAL*
  3  ;
SELECT TO CHAR(SYSDATE,'HH:MI:SS')
       *
ERROR at line 1:
ORA-00936: missing expression 


SQL> SELECT TO CHAR(SYSDATE,'HH:MI:SS')
  2  FROM DUAL;
SELECT TO CHAR(SYSDATE,'HH:MI:SS')
       *
ERROR at line 1:
ORA-00936: missing expression 


SQL> SELECT TO_CHAR(SYSDATE,'HH:MI:SS')
  2  FROM DUAL;

TO_CHAR(                                                                        
--------                                                                        
01:26:22                                                                        

SQL> SELECT TO_CHAR(SYSDATE,'DD:MM:YY')
  2  FROM DUAL;

TO_CHAR(                                                                        
--------                                                                        
15:11:17                                                                        

SQL> SELECT TO_CHAR(SYSDATE,'DD:WW:MM:YY')
  2  FROM DUAL;

TO_CHAR(SYS                                                                     
-----------                                                                     
15:46:11:17                                                                     

SQL> SELECT TO_CHAR(SYSDATE,'WD:DD:MM:YY')
  2  FROM DUAL;

TO_CHAR(SYS                                                                     
-----------                                                                     
34:15:11:17                                                                     

SQL> SELECT TO_CHAR(SYSDATE,'DW:DD:MM:YY')
  2  FROM DUAL;

TO_CHAR(SYS                                                                     
-----------                                                                     
43:15:11:17                                                                     

SQL> ALTER TABLE DEPARTAMENTO
  2  ADD (D TIMESTAMP(8) DAFAULT SYSTIMESTAMP(8));
ADD (D TIMESTAMP(8) DAFAULT SYSTIMESTAMP(8))
                    *
ERROR at line 2:
ORA-00907: missing right parenthesis 


SQL> ALTER TABLE DEPARTAMENTO
  2  ADD (D1 TIMESTAMP(8) DAFAULT SYSTIMESTAMP(8));
ADD (D1 TIMESTAMP(8) DAFAULT SYSTIMESTAMP(8))
                     *
ERROR at line 2:
ORA-00907: missing right parenthesis 


SQL> ALTER TABLE DEPARTAMENTO
  2  ADD (D1 TIMESTAMP(8) DAFAULT SYSTIMESTAMP(8));
ADD (D1 TIMESTAMP(8) DAFAULT SYSTIMESTAMP(8))
                     *
ERROR at line 2:
ORA-00907: missing right parenthesis 


SQL> ALTER TABLE DEPARTAMENTO
  2  ADD (D1 TIMESTAMP(8) DAFAULT SYSTIMESTAMP(8));
ADD (D1 TIMESTAMP(8) DAFAULT SYSTIMESTAMP(8))
                     *
ERROR at line 2:
ORA-00907: missing right parenthesis 


SQL> ALTER TABLE DEPARTAMENTO
  2  DROP COLUMN D1;
DROP COLUMN D1
            *
ERROR at line 2:
ORA-00904: "D1": invalid identifier 


SQL> ALTER TABLE DEPARTAMENTO
  2  ADD (D1 TIMESTAMP(8) DAFAULT SYSTIMESTAMP(8));
ADD (D1 TIMESTAMP(8) DAFAULT SYSTIMESTAMP(8))
                     *
ERROR at line 2:
ORA-00907: missing right parenthesis 


SQL> SELECT*
  2  FROM DEPARTAMENTO;

        CD D                                                                    
---------- ------------------------------------------------------------         
         1 ANALISIS MATEMTICO                                                   
         2 ASTROFSICA                                                           
         3 ESTADISTICA,INVESTIGACION OPERATIVA Y COMPUTACION                    
         4 MATEMATICA FUNDAMENTAL                                               

SQL> ALTER TABLE DEPARTAMENTO
  2  ADD (D1 TIMESTAMP(8) DAFAULT SYSTIMESTAMP(8));
ADD (D1 TIMESTAMP(8) DAFAULT SYSTIMESTAMP(8))
                     *
ERROR at line 2:
ORA-00907: missing right parenthesis 


SQL> SELECT TO_CHAR(SYSDATE,'WD:DD:MM:YY');
SELECT TO_CHAR(SYSDATE,'WD:DD:MM:YY')
                                    *
ERROR at line 1:
ORA-00923: FROM keyword not found where expected 


SQL> SELECT TO_CHAR(SYSDATE,'WD:DD:MM:YY')
  2  FROM DUAL;

TO_CHAR(SYS                                                                     
-----------                                                                     
34:15:11:17                                                                     

SQL> SELECT TO_CHAR(SYSDATE,'DW:DD:MM:YY')
  2  FROM DUAL;

TO_CHAR(SYS                                                                     
-----------                                                                     
43:15:11:17                                                                     

SQL> DESCRIBE DEPARTAMENTO;
 Name                                      Null?    Type
 ----------------------------------------- -------- ----------------------------
 CD                                        NOT NULL NUMBER(2)
 D                                                  VARCHAR2(60)

SQL> ALTER TABLE DEPARTAMENTO
  2  MODIFY (D VARCHAR2(50));

Table altered.

SQL> SELECT TO_CHAR(SYSDATE,'DAY:DD:MM:YY')
  2  FROM DUAL;

TO_CHAR(SYSDATE,'DAY:DD:MM:YY')                                                 
---------------------------------------------                                   
WEDNESDAY:15:11:17                                                              

SQL> SELECT TO_CHAR(SYSDATE,'HH:MI:SS')
  2  FROM DUAL;

TO_CHAR(                                                                        
--------                                                                        
01:49:34                                                                        

SQL> SELECT CURRENT_TIMESTAMP
  2  FROM DUAL;

CURRENT_TIMESTAMP                                                               
---------------------------------------------------------------------------     
15-NOV-17 01.50.07.856710 PM +00:00                                             

SQL> SELECT TO_CHAR(SYSDATE,'HH24:MI:SS')
  2  FROM DUAL;

TO_CHAR(                                                                        
--------                                                                        
13:50:28                                                                        

SQL> SELECT SYSDATE-TO_DATE(SELECT )
  2  ;
SELECT SYSDATE-TO_DATE(SELECT )
                       *
ERROR at line 1:
ORA-00936: missing expression 


SQL> ALTER TABLE DEPARTAMENTO
  2  MODIFY(D VARCHAR2(60));

Table altered.

SQL> SELECT SYSDATE-TO_DATE(SELECT FI FROM PLAN_DOCENTE WHERE DNI=8888)
  2  ;
SELECT SYSDATE-TO_DATE(SELECT FI FROM PLAN_DOCENTE WHERE DNI=8888)
                       *
ERROR at line 1:
ORA-00936: missing expression 


SQL> SELECT SYSDATE-TO_DATE(SELECT FI
  2  FROM PLAN_DOCENTE
  3  WHERE ((DNI=8888) AND (CAS=11)));
SELECT SYSDATE-TO_DATE(SELECT FI
                       *
ERROR at line 1:
ORA-00936: missing expression 


SQL> SELECT SYSDATE-FI
  2  ;

*
ERROR at line 2:
ORA-00923: FROM keyword not found where expected 


SQL> SELECT SYSDATE-FI FROM PLAN_DOCENTE WHERE (DNI=8888) AND (CAS=11);

SYSDATE-FI                                                                      
----------                                                                      
2997.58196                                                                      

SQL> ALTER TABLE DEPARTAMENTO
  2  ADD (D1 TIMESTAMP(8) DAFAULT SYSTIMESTAMP(8));
ADD (D1 TIMESTAMP(8) DAFAULT SYSTIMESTAMP(8))
                     *
ERROR at line 2:
ORA-00907: missing right parenthesis 


SQL> ADD (D1 TIMESTAMP(8) DEFAULT SYSTIMESTAMP(8));
SP2-0734: unknown command beginning "ADD (D1 TI..." - rest of line ignored.
SQL> ALTER TABLE DEPARTAMENTO
  2  ADD (D1 TIMESTAMP(8) DEFAULT SYSTIMESTAMP(8));

Table altered.

SQL> ALTER TABLE DEPARTAMENTO
  2  DROP COLUMN D1;

Table altered.

SQL> SELECT SYSDATE-TO_DATE(01/09/09);
SELECT SYSDATE-TO_DATE(01/09/09)
                               *
ERROR at line 1:
ORA-00923: FROM keyword not found where expected 


SQL> SELECT SYSDATE-TO_DATE('01-SEP-09');
SELECT SYSDATE-TO_DATE('01-SEP-09')
                                  *
ERROR at line 1:
ORA-00923: FROM keyword not found where expected 


SQL> SELECT SYSDATE-TO_DATE('01-SEP-09')
  2  FROM DUAL;

SYSDATE-TO_DATE('01-SEP-09')                                                    
----------------------------                                                    
                  2997.58432                                                    

SQL> SPOOL OFF
SQL> SELCT P FROM PROFESOR WHERE DNI IN (SELECT DNI FROM PLAN_DOCENTE
SP2-0734: unknown command beginning "SELCT P FR..." - rest of line ignored.
SQL> SELECT P FROM PROFESOR WHERE DNI IN (SELECT DNI FROM PLAN_DOCENTE
  2  WHERE(FF-FI>365));

P                                                                               
------------------------------------------------------------                    
JUAN                                                                            
MARIA                                                                           
CARMEN                                                                          
DAVID                                                                           

SQL> SELECT P FROM PROFESOR WHERE DNI IN (SELECT DNI FROM PLAN_DOCENTE
  2  WHERE(FF-FI>365 OR FF IS NULL AND SYSDATE-FI>365));

P                                                                               
------------------------------------------------------------                    
DAVID                                                                           
JUAN                                                                            
SOLEDAD                                                                         
CARLOS                                                                          
JOSE MANUEL                                                                     
PEDRO                                                                           
MARIA                                                                           
IVAN                                                                            
CARMEN                                                                          
MARIO                                                                           
FRANCISCO                                                                       

P                                                                               
------------------------------------------------------------                    
ANGELA                                                                          

12 rows selected.

SQL> SELECT COUNT(DNI) FROM PROFESOR WHERE CAR IN(SELECT CAR FROM
  2  AREA NATURAL JOIN DEPARTAMENTO WHERE D='ASTROFISICA');

COUNT(DNI)                                                                      
----------                                                                      
         0                                                                      

SQL> SELECT COUNT(DNI) FROM PROFESOR WHERE CAR IN(SELECT CAR FROM
  2  AREA NATURAL JOIN DEPARTAMENTO WHERE D='ASTROFSICA');

COUNT(DNI)                                                                      
----------                                                                      
         1                                                                      

SQL> SELECT D COUNT(P)
  2  FROM PROFESOR NATURAL JOIN AREA, DEPARTAMENTO
  3  WHERE AREA.CD=DEPARTAMENTO.CD
  4  ORDER BY D;
SELECT D COUNT(P)
              *
ERROR at line 1:
ORA-00923: FROM keyword not found where expected 


SQL> SELECT D, COUNT(P)
  2  FROM PROFESOR NATURAL JOIN AREA, DEPARTAMENTO
  3  WHERE AREA.CD=DEPARTAMENTO.CD
  4  ORDER BY D;
SELECT D, COUNT(P)
       *
ERROR at line 1:
ORA-00937: not a single-group group function 


SQL> SELECT D, COUNT(P)
  2  FROM PROFESOR NATURAL JOIN AREA, DEPARTAMENTO
  3  WHERE AREA.CD=DEPARTAMENTO.CD
  4  GROUP BY D
  5  ORDER BY D;

D                                                              COUNT(P)         
------------------------------------------------------------ ----------         
ANALISIS MATEMTICO                                                    4         
ASTROFSICA                                                            1         
ESTADISTICA,INVESTIGACION OPERATIVA Y COMPUTACION                     8         
MATEMATICA FUNDAMENTAL                                                1         

SQL> SELECT COUNT (DISTINCT T)
  2  FROM ASIGNATURA NATURAL JOIN AREA,DEPARTAMENTO
  3  WHERE ASIGNATURA.CAR=AREA.CAR AND D='ESTADISTICA,INVESTIGACION OPERATIVA Y COMPUTACION';
WHERE ASIGNATURA.CAR=AREA.CAR AND D='ESTADISTICA,INVESTIGACION OPERATIVA Y COMPUTACION'
                     *
ERROR at line 3:
ORA-25155: column used in NATURAL join cannot have qualifier 


SQL> SELECT COUNT (DISTINCT T)
  2  FROM ASIGNATURA NATURAL JOIN AREA,DEPARTAMENTO
  3  WHERE ASIGNATURA.CAR = AREA.CAR AND D='ESTADISTICA,INVESTIGACION OPERATIVA Y COMPUTACION';
WHERE ASIGNATURA.CAR = AREA.CAR AND D='ESTADISTICA,INVESTIGACION OPERATIVA Y COMPUTACION'
                       *
ERROR at line 3:
ORA-25155: column used in NATURAL join cannot have qualifier 


SQL> SELECT COUNT (DISTINCT T)
  2  FROM ASIGNATURA
  3  WHERE CAR IN(SELECT CAR FROM AREA NATURAL JOIN DEPARTAMENTO
  4  WHERE D='ESTADISTICA,INVESTIGACION OPERATIVA Y COMPUTACION');

COUNT(DISTINCTT)                                                                
----------------                                                                
               2                                                                

SQL> SELECT COUNT(DNI) FROM PROFESOR NATURAL JOIN AREA
  2  WHERE AR LIKE 'A%';

COUNT(DNI)                                                                      
----------                                                                      
         3                                                                      

SQL> SELECT COUNT(P) FROM PROFESOR NATURAL JOIN AREA
  2  WHERE AR LIKE 'A%';

  COUNT(P)                                                                      
----------                                                                      
         3                                                                      

SQL> SPOOL OFF
SQL> SELECT T, COUNT(CAS)
  2  FROM ASIGNATURA
  3  GROUP BY T
  4  ORDER BY T;

T    COUNT(CAS)                                                                 
---- ----------                                                                 
GF            1                                                                 
GII           8                                                                 
GM            2                                                                 
MII           2                                                                 

SQL> SELECT A FROM ASIGNATURA
  2  WHERE CT=(SELECT MAX(CT) FROM ASIGNATURA);

A                                                                               
--------------------------------------------------                              
ENSENANZA DE LA MATEMATICA                                                      

SQL> SELECT A FROM ASIGNATURA
  2  WHERE CT=(SELECT MIN(CT) FROM ASIGNATURA);

A                                                                               
--------------------------------------------------                              
ESTADISTICA                                                                     

SQL> SELECT A FROM ASIGNATURA
  2  WHERE CT IN (SELECT MIN(CT) FROM ASIGNATURA);

A                                                                               
--------------------------------------------------                              
ESTADISTICA                                                                     

SQL> SELECT A,(CT+CP+CL) FROM ASIGNATURA;

A                                                  (CT+CP+CL)                   
-------------------------------------------------- ----------                   
BASES DE DATOS                                              6                   
INTELIGENCIA ARTIFICIAL                                     6                   
ALMACENES DE DATOS                                          3                   
MINERIA DE DATOS                                            3                   
INFORMATICA BASICA                                          6                   
ALGEBRA                                                     6                   
CALCULO                                                     6                   
OPTIMIZACION                                                6                   
GESTION DE RIESGOS                                          6                   
ASTRONOMIA                                                  6                   
ENSENANZA DE LA MATEMATICA                                  6                   

A                                                  (CT+CP+CL)                   
-------------------------------------------------- ----------                   
ANALISIS COMPLEJO                                         7.5                   
ESTADISTICA                                                 0                   

13 rows selected.

SQL> SELECT A FROM ASIGNATURA
  2  WHERE (CT+CP+CL)=(SELECT MAX(CT+CP+CL)
  3  FROM ASIGNATURA);

A                                                                               
--------------------------------------------------                              
ANALISIS COMPLEJO                                                               

SQL> SELECT A FROM ASIGNATURA
  2  WHERE (CT+CP+CL)=(SELECT MIN(CT+CP+CL)
  3  FROM ASIGNATURA);

A                                                                               
--------------------------------------------------                              
ESTADISTICA                                                                     

SQL> SELECT *
  2  FROM ASIGNATURA;

       CAS A                                                  T           CUR   
---------- -------------------------------------------------- ---- ----------   
       CAR         CT         CP         CL                                     
---------- ---------- ---------- ----------                                     
         1 BASES DE DATOS                                     GII           3   
         7          3        1.5        1.5                                     
                                                                                
         2 INTELIGENCIA ARTIFICIAL                            GII           3   
         4        1.5        1.5          3                                     
                                                                                
         3 ALMACENES DE DATOS                                 MII           1   
         7        1.5          0        1.5                                     
                                                                                

       CAS A                                                  T           CUR   
---------- -------------------------------------------------- ---- ----------   
       CAR         CT         CP         CL                                     
---------- ---------- ---------- ----------                                     
         4 MINERIA DE DATOS                                   MII           1   
         7        1.5          0        1.5                                     
                                                                                
         5 INFORMATICA BASICA                                 GII           1   
         7          3        1.5        1.5                                     
                                                                                
         6 ALGEBRA                                            GII           1   
         1          3          3          0                                     
                                                                                

       CAS A                                                  T           CUR   
---------- -------------------------------------------------- ---- ----------   
       CAR         CT         CP         CL                                     
---------- ---------- ---------- ----------                                     
         7 CALCULO                                            GII           1   
         8          3          3          0                                     
                                                                                
         8 OPTIMIZACION                                       GII           1   
         6          3        1.5        1.5                                     
                                                                                
         9 GESTION DE RIESGOS                                 GII           3   
         4          3          0          3                                     
                                                                                

       CAS A                                                  T           CUR   
---------- -------------------------------------------------- ---- ----------   
       CAR         CT         CP         CL                                     
---------- ---------- ---------- ----------                                     
        10 ASTRONOMIA                                         GF            2   
         3          3        1.5        1.5                                     
                                                                                
        11 ENSENANZA DE LA MATEMATICA                         GM            2   
         5          6          0          0                                     
                                                                                
        12 ANALISIS COMPLEJO                                  GM            4   
         2        4.5          3          0                                     
                                                                                

       CAS A                                                  T           CUR   
---------- -------------------------------------------------- ---- ----------   
       CAR         CT         CP         CL                                     
---------- ---------- ---------- ----------                                     
        13 ESTADISTICA                                        GII           3   
         6          0          0          0                                     
                                                                                

13 rows selected.

SQL> SELECT AR FROM AREA
  2  WHERE CAR IN(SELECT CAR
  3  FROM ASIGNATURA
  4  WHERE (CT+CP+CL)=(SELECT MAX(CT+CP+CL)
  5  FROM ASIGNATURA));

AR                                                                              
------------------------------------------------------------                    
ANALISIS MATEMATICO                                                             

SQL> SELECT COUNT(CAS) FROM
  2  PLAN_DOCENTE WHERE DNI='1111';

COUNT(CAS)                                                                      
----------                                                                      
         2                                                                      

SQL> SELECT SUM(CT+CP+CL) FROM PLAN_DOCENTE
  2  WHERE DNI='1111';
SELECT SUM(CT+CP+CL) FROM PLAN_DOCENTE
                 *
ERROR at line 1:
ORA-00904: "CL": invalid identifier 


SQL> SELECT SUM(CTA+CPA+CLA) FROM PLAN_DOCENTE
  2  WHERE DNI='1111';

SUM(CTA+CPA+CLA)                                                                
----------------                                                                
               9                                                                

SQL> SELECT P FROM PROFESOR NATURAL JOIN PLAN_DOCENTE
  2  WHERE FF IS NULL
  3  GROUP BY P,DNI
  4  HAVING SUM(CTA+CPA+CLA) >= ALL(SELECT SUM(CTA+CPA+CLA)
  5  FROM PLAN_DOCENTE
  6  WHERE FF IS NULL
  7  GROUP BY DNI);

P                                                                               
------------------------------------------------------------                    
MARIA                                                                           
PEDRO                                                                           

SQL> SELECT AVG(COUNT(*))
  2  FROM ASIGNATURA
  3  GROUP BY CAR;

AVG(COUNT(*))                                                                   
-------------                                                                   
        1.625                                                                   

SQL> SELECT AVG(COUNT(*))
  2  FROM PROFESOR NATURAL JOIN AREA
  3  GROUP BY CD;

AVG(COUNT(*))                                                                   
-------------                                                                   
          3.5                                                                   

SQL> SELECT AR FROM AREA NATURAL JOIN ASIGNATURA
  2  GROUP BY AR
  3  HAVING COUNT(CAS)>3;

AR                                                                              
------------------------------------------------------------                    
LENGUAJES Y SISTEMAS INFORMATICOS                                               

SQL> SELECT AR FROM AREA NATURAL JOIN ASIGNATURA
  2  GROUP BY AR
  3  HAVING COUNT(CAS)>6;

no rows selected

SQL> SELECT D
  2  FROM DEPARTAMENTO NATURAL JOIN AREA,PROFESOR
  3  GROUP BY D
  4  HAVING COUNT(P)<=(SELECT MIN (COUNT (P))
  5  FROM DEPARTAMENTO NATURAL JOIN AREA,PROFESOR
  6  GROUP BY D);

D                                                                               
------------------------------------------------------------                    
ASTROFSICA                                                                      
MATEMATICA FUNDAMENTAL                                                          

SQL> SPOOL OFF
